> Task :app:clean
> Task :app:preBuild UP-TO-DATE
> Task :app:preDebugBuild UP-TO-DATE
> Task :app:mergeDebugNativeDebugMetadata NO-SOURCE
> Task :app:checkKotlinGradlePluginConfigurationErrors
> Task :app:generateDebugBuildConfig
> Task :app:generateDebugResValues
> Task :app:mapDebugSourceSetPaths
> Task :app:generateDebugResources
> Task :app:checkDebugAarMetadata
> Task :app:packageDebugResources
> Task :app:mergeDebugResources
> Task :app:createDebugCompatibleScreenManifests
> Task :app:extractDeepLinksDebug
> Task :app:parseDebugLocalResources
> Task :app:processDebugMainManifest
> Task :app:processDebugManifest
> Task :app:processDebugManifestForPackage
> Task :app:javaPreCompileDebug
> Task :app:mergeDebugShaders
> Task :app:compileDebugShaders NO-SOURCE
> Task :app:generateDebugAssets UP-TO-DATE
> Task :app:mergeDebugAssets
> Task :app:compressDebugAssets
> Task :app:checkDebugDuplicateClasses
> Task :app:desugarDebugFileDependencies
> Task :app:mergeDebugStartupProfile UP-TO-DATE
> Task :app:processDebugResources
> Task :app:mergeExtDexDebug
> Task :app:mergeLibDexDebug
> Task :app:mergeDebugJniLibFolders
> Task :app:mergeDebugNativeLibs NO-SOURCE
> Task :app:stripDebugDebugSymbols NO-SOURCE
> Task :app:validateSigningDebug
> Task :app:writeDebugAppMetadata
> Task :app:writeDebugSigningConfigVersions

> Task :app:kspDebugKotlin FAILED
e: file:///workspaces/Ipon/app/src/main/java/com/ipon/app/ui/components/BalanceCard.kt:43:1 Expecting an element
e: file:///workspaces/Ipon/app/src/main/java/com/ipon/app/ui/components/BalanceCard.kt:43:2 Unexpected tokens (use ';' to separate expressions on the same line)
e: file:///workspaces/Ipon/app/src/main/java/com/ipon/app/ui/components/BalanceCard.kt:51:4 Expecting an element
e: file:///workspaces/Ipon/app/src/main/java/com/ipon/app/ui/components/BalanceCard.kt:56:2 Expecting an element
e: file:///workspaces/Ipon/app/src/main/java/com/ipon/app/ui/components/BalanceCard.kt:56:4 Expecting an element
e: file:///workspaces/Ipon/app/src/main/java/com/ipon/app/ui/components/BalanceCard.kt:56:6 Expecting an element
e: file:///workspaces/Ipon/app/src/main/java/com/ipon/app/ui/components/BalanceCard.kt:60:50 Expecting ')'

> Task :app:copyRoomSchemas NO-SOURCE

FAILURE: Build failed with an exception.

* What went wrong:
Execution failed for task ':app:kspDebugKotlin'.
> A failure occurred while executing org.jetbrains.kotlin.compilerRunner.GradleCompilerRunnerWithWorkers$GradleKotlinCompilerWorkAction
   > Compilation error. See log for more details

* Try:
> Run with --stacktrace option to get the stack trace.
> Run with --info or --debug option to get more log output.
> Run with --scan to get full insights.
> Get more help at https://help.gradle.org.

BUILD FAILED in 35s
30 actionable tasks: 29 executed, 1 up-to-date
